FILE_TYPE=VERILOG_MAP;
  PRIMITIVE 'sequencer32';
    MODEL 'sequencer32';
      PIN_MAP
        'SDOUT' = '(SDOUT)';
        'SDIN' = '(SDIN)';
        'M2' = '(M2)';
        '-RESET' = '(RESET_n)';
        '-BXREG_WR' = '(BXREG_WR_n)';
        'BXREG_SEL<2>' = '(BXREG_SEL[2])';
        'BXREG_SEL<1>' = '(BXREG_SEL[1])';
        'BXREG_SEL<0>' = '(BXREG_SEL[0])';
        '-BXREG_RD' = '(BXREG_RD_n)';
        'BXDT<31>' = '(BXDT[31])';
        'BXDT<30>' = '(BXDT[30])';
        'BXDT<29>' = '(BXDT[29])';
        'BXDT<28>' = '(BXDT[28])';
        'BXDT<27>' = '(BXDT[27])';
        'BXDT<26>' = '(BXDT[26])';
        'BXDT<25>' = '(BXDT[25])';
        'BXDT<24>' = '(BXDT[24])';
        'BXDT<23>' = '(BXDT[23])';
        'BXDT<22>' = '(BXDT[22])';
        'BXDT<21>' = '(BXDT[21])';
        'BXDT<20>' = '(BXDT[20])';
        'BXDT<19>' = '(BXDT[19])';
        'BXDT<18>' = '(BXDT[18])';
        'BXDT<17>' = '(BXDT[17])';
        'BXDT<16>' = '(BXDT[16])';
        'BXDT<15>' = '(BXDT[15])';
        'BXDT<14>' = '(BXDT[14])';
        'BXDT<13>' = '(BXDT[13])';
        'BXDT<12>' = '(BXDT[12])';
        'BXDT<11>' = '(BXDT[11])';
        'BXDT<10>' = '(BXDT[10])';
        'BXDT<9>' = '(BXDT[9])';
        'BXDT<8>' = '(BXDT[8])';
        'BXDT<7>' = '(BXDT[7])';
        'BXDT<6>' = '(BXDT[6])';
        'BXDT<5>' = '(BXDT[5])';
        'BXDT<4>' = '(BXDT[4])';
        'BXDT<3>' = '(BXDT[3])';
        'BXDT<2>' = '(BXDT[2])';
        'BXDT<1>' = '(BXDT[1])';
        'BXDT<0>' = '(BXDT[0])';
        'BTAG<4>' = '(BTAG[4])';
        'BTAG<3>' = '(BTAG[3])';
        'BTAG<2>' = '(BTAG[2])';
        'BTAG<1>' = '(BTAG[1])';
        'BTAG<0>' = '(BTAG[0])';
        'BSEQ_RESET' = '(BSEQ_RESET)';
        'BRD_STROBE' = '(BRD_STROBE)';
        'BN_ENW<3>' = '(BN_ENW[3])';
        'BN_ENW<2>' = '(BN_ENW[2])';
        'BN_ENW<1>' = '(BN_ENW[1])';
        '-BMEMREQ2' = '(BMEMREQ2_n)';
        '-BMEMACK2' = '(BMEMACK2_n)';
        'BLATCH<4>' = '(BLATCH[4])';
        'BLATCH<3>' = '(BLATCH[3])';
        'BLATCH<2>' = '(BLATCH[2])';
        'BLATCH<1>' = '(BLATCH[1])';
        'BFECBUSY' = '(BFECBUSY)';
        'BDAVAIL<32>' = '(BDAVAIL[32])';
        'BDAVAIL<31>' = '(BDAVAIL[31])';
        'BDAVAIL<30>' = '(BDAVAIL[30])';
        'BDAVAIL<29>' = '(BDAVAIL[29])';
        'BDAVAIL<28>' = '(BDAVAIL[28])';
        'BDAVAIL<27>' = '(BDAVAIL[27])';
        'BDAVAIL<26>' = '(BDAVAIL[26])';
        'BDAVAIL<25>' = '(BDAVAIL[25])';
        'BDAVAIL<24>' = '(BDAVAIL[24])';
        'BDAVAIL<23>' = '(BDAVAIL[23])';
        'BDAVAIL<22>' = '(BDAVAIL[22])';
        'BDAVAIL<21>' = '(BDAVAIL[21])';
        'BDAVAIL<20>' = '(BDAVAIL[20])';
        'BDAVAIL<19>' = '(BDAVAIL[19])';
        'BDAVAIL<18>' = '(BDAVAIL[18])';
        'BDAVAIL<17>' = '(BDAVAIL[17])';
        'BDAVAIL<16>' = '(BDAVAIL[16])';
        'BDAVAIL<15>' = '(BDAVAIL[15])';
        'BDAVAIL<14>' = '(BDAVAIL[14])';
        'BDAVAIL<13>' = '(BDAVAIL[13])';
        'BDAVAIL<12>' = '(BDAVAIL[12])';
        'BDAVAIL<11>' = '(BDAVAIL[11])';
        'BDAVAIL<10>' = '(BDAVAIL[10])';
        'BDAVAIL<9>' = '(BDAVAIL[9])';
        'BDAVAIL<8>' = '(BDAVAIL[8])';
        'BDAVAIL<7>' = '(BDAVAIL[7])';
        'BDAVAIL<6>' = '(BDAVAIL[6])';
        'BDAVAIL<5>' = '(BDAVAIL[5])';
        'BDAVAIL<4>' = '(BDAVAIL[4])';
        'BDAVAIL<3>' = '(BDAVAIL[3])';
        'BDAVAIL<2>' = '(BDAVAIL[2])';
        'BDAVAIL<1>' = '(BDAVAIL[1])';
        'BCREGSEL' = '(BCREGSEL)';
        'BCREG_REQ' = '(BCREG_REQ)';
        'BCONV_DONE' = '(BCONV_DONE)';
        'BCLKA' = '(BCLKA)';
        'BCLK' = '(BCLK)';
        '-BCHOLD' = '(BCHOLD_n)';
        'BCHIP_SEL_EN' = '(BCHIP_SEL_EN)';
        'BCAD_EN' = '(BCAD_EN)';
        '-BADC_CONVERT' = '(BADC_CONVERT_n)';
        'P1' = '(P1)';
        'P2' = '(P2)';
        'P3' = '(P3)';
        'P6' = '(P6)';
        'P7' = '(P7)';
        'P21' = '(P21)';
        'P37' = '(P37)';
        'P38' = '(P38)';
        'P39' = '(P39)';
        '-RDATA' = '(RDATA_n)';
        'RTRIG' = '(RTRIG)';
        'P44' = '(P44)';
        'P50' = '(P50)';
        'P51' = '(P51)';
        'P70' = '(P70)';
        'P71' = '(P71)';
        'P74' = '(P74)';
        'P75' = '(P75)';
        'P76' = '(P76)';
        '-PROGRAM' = '(PROGRAM_n)';
        'P81' = '(P81)';
        'P82' = '(P82)';
        'P83' = '(P83)';
        'P85' = '(P85)';
        'P94' = '(P94)';
        'P95' = '(P95)';
        'P104' = '(P104)';
        'P106' = '(P106)';
        'P107' = '(P107)';
        'P114' = '(P114)';
        'P115' = '(P115)';
        'P118' = '(P118)';
        'P119' = '(P119)';
        'P120' = '(P120)';
        'CCLK' = '(CCLK)';
        'P125' = '(P125)';
        'P131' = '(P131)';
        'P132' = '(P132)';
        'P133' = '(P133)';
        'P138' = '(P138)';
        'P143' = '(P143)';
        'P144' = '(P144)';
        'P151' = '(P151)';
        'P154' = '(P154)';
        '-PWRDWN' = '(PWRDWN_n)';
      END_PIN;
    END_MODEL;
  END_PRIMITIVE;
END.
