FILE_TYPE=VERILOG_MAP;
PRIMITIVE 'IDT7282'; 
    DEFAULT_MODEL=IDT7282;
    UPPER_CASE=TRUE;
    MODEL 'IDT7282';
        PIN_MAP
            'DA'<0>='(DA[0],DA[1],DA[2],DA[3],DA[4],DA[5],DA[6],DA[7],DA[8])';
            'QA'<0>='(QA[0],QA[1],QA[2],QA[3],QA[4],QA[5],QA[6],QA[7],QA[8])';
            '-EFA'='(EFA_,EFA_,EFA_,EFA_,EFA_,EFA_,EFA_,EFA_,EFA_)';
            '-FFA'='(FFA_,FFA_,FFA_,FFA_,FFA_,FFA_,FFA_,FFA_,FFA_)';
            '-RA'='(RA_,RA_,RA_,RA_,RA_,RA_,RA_,RA_,RA_)';
            '-RSA'='(RSA_,RSA_,RSA_,RSA_,RSA_,RSA_,RSA_,RSA_,RSA_)';
            '-WA'='(WA_,WA_,WA_,WA_,WA_,WA_,WA_,WA_,WA_)';
            '-XIA'='(XIA_,XIA_,XIA_,XIA_,XIA_,XIA_,XIA_,XIA_,XIA_)';
            '-XOA/HFA'='(XOA_HFA_,XOA_HFA_,XOA_HFA_,XOA_HFA_,XOA_HFA_,XOA_HFA_,XOA_HFA_,XOA_HFA_,XOA_HFA_)';
	    '-FLA/RTA'='(FLA_RTA_,FLA_RTA_,FLA_RTA_,FLA_RTA_,FLA_RTA_,FLA_RTA_,FLA_RTA_,FLA_RTA_,FLA_RTA_)';
            'DB'<0>='(DB[0],DB[1],DB[2],DB[3],DB[4],DB[5],DB[6],DB[7],DB[8])';
            'QB'<0>='(QB[0],QB[1],QB[2],QB[3],QB[4],QB[5],QB[6],QB[7],QB[8])';
            '-EFB'='(EFB_,EFB_,EFB_,EFB_,EFB_,EFB_,EFB_,EFB_,EFB_)';
            '-FFB'='(FFB_,FFB_,FFB_,FFB_,FFB_,FFB_,FFB_,FFB_,FFB_)';
            '-RB'='(RB_,RB_,RB_,RB_,RB_,RB_,RB_,RB_,RB_)';
            '-RSB'='(RSB_,RSB_,RSB_,RSB_,RSB_,RSB_,RSB_,RSB_,RSB_)';
            '-WB'='(WB_,WB_,WB_,WB_,WB_,WB_,WB_,WB_,WB_)';
            '-XIB'='(XIB_,XIB,XIB,XIB,XIB,XIB,XIB,XIB,XIB)';
            '-XOB/HFB'='(XOB_HFB_,XOB_HFB_,XOB_HFB_,XOB_HFB_,XOB_HFB_,XOB_HFB_,XOB_HFB_,XOB_HFB_,XOB_HFB_)';
            '-FLB/RTB'='(FLB_RTB_,FLB_RTB_,FLB_RTB_,FLB_RTB_,FLB_RTB_,FLB_RTB_,FLB_RTB_,FLB_RTB_,FLB_RTB_)';
        END_PIN;
    END_MODEL;
END_PRIMITIVE;
END.
