FILE_TYPE=VERILOG_MAP;
  PRIMITIVE 'xcountsynct';
    MODEL 'xcountsynct';
      PIN_MAP
        'X50MHZ' = '(X50MHZ)';
        'X10MHZ' = '(X10MHZ)';
        'XTRIGCOMB<8>' = '(XTRIGCOMB[8])';
        'XTRIGCOMB<7>' = '(XTRIGCOMB[7])';
        'XTRIGCOMB<6>' = '(XTRIGCOMB[6])';
        'XTRIGCOMB<5>' = '(XTRIGCOMB[5])';
        'XTRIGCOMB<4>' = '(XTRIGCOMB[4])';
        'XTRIGCOMB<3>' = '(XTRIGCOMB[3])';
        'XTRIGCOMB<2>' = '(XTRIGCOMB[2])';
        'XTRIGCOMB<1>' = '(XTRIGCOMB[1])';
        'XTRIGCOMB<0>' = '(XTRIGCOMB[0])';
        '-XTC_24' = '(XTC_24_n)';
        '-XTC_16' = '(XTC_16_n)';
        'XSYNCLR24' = '(XSYNCLR24)';
        'xsynclr' = '(xsynclr)';
        'XSYNC' = '(XSYNC)';
        'xspecial_raw' = '(xspecial_raw)';
        'XRESYNC' = '(XRESYNC)';
        '-XLOCKOUT' = '(XLOCKOUT_n)';
        '-XLOAD_SYNC50' = '(XLOAD_SYNC50_n)';
        '-XLOAD_SYNC10' = '(XLOAD_SYNC10_n)';
        '-XLOAD_EN50' = '(XLOAD_EN50_n)';
        '-XLOAD_EN10' = '(XLOAD_EN10_n)';
        '-XLOAD_ENGT' = '(XLOAD_ENGT_n)';
        'XGTRIG' = '(XGTRIG)';
        '-XGTLOAD24' = '(XGTLOAD24_n)';
        '-XGTLOAD16' = '(XGTLOAD16_n)';
        'XGTCLK24' = '(XGTCLK24)';
        'XGTCLK16' = '(XGTCLK16)';
        'XGCLK' = '(XGCLK)';
        'XFF_LA<23>' = '(XFF_LA[23])';
        'XFF_LA<22>' = '(XFF_LA[22])';
        'XFF_LA<21>' = '(XFF_LA[21])';
        'XFF_LA<20>' = '(XFF_LA[20])';
        'XFF_LA<19>' = '(XFF_LA[19])';
        'XFF_LA<18>' = '(XFF_LA[18])';
        'XFF_LA<17>' = '(XFF_LA[17])';
        'XFF_LA<16>' = '(XFF_LA[16])';
        'XFF_LA<15>' = '(XFF_LA[15])';
        'XFF_LA<14>' = '(XFF_LA[14])';
        'XFF_LA<13>' = '(XFF_LA[13])';
        'XFF_LA<12>' = '(XFF_LA[12])';
        'XFF_LA<11>' = '(XFF_LA[11])';
        'XFF_LA<10>' = '(XFF_LA[10])';
        'XFF_LA<9>' = '(XFF_LA[9])';
        'XFF_LA<8>' = '(XFF_LA[8])';
        'XFF_LA<7>' = '(XFF_LA[7])';
        'XFF_LA<6>' = '(XFF_LA[6])';
        'XFF_LA<5>' = '(XFF_LA[5])';
        'XFF_LA<4>' = '(XFF_LA[4])';
        'XFF_LA<3>' = '(XFF_LA[3])';
        'XFF_LA<2>' = '(XFF_LA[2])';
        'XFF_LA<1>' = '(XFF_LA[1])';
        'XFF_LA<0>' = '(XFF_LA[0])';
        'XERR<6>' = '(XERR[6])';
        'XERR<5>' = '(XERR[5])';
        'XERR<4>' = '(XERR[4])';
        'XERR<3>' = '(XERR[3])';
        'XERR<2>' = '(XERR[2])';
        'XERR<1>' = '(XERR[1])';
        'XERR<0>' = '(XERR[0])';
        'XEF_LA<23>' = '(XEF_LA[23])';
        'XEF_LA<22>' = '(XEF_LA[22])';
        'XEF_LA<21>' = '(XEF_LA[21])';
        'XEF_LA<20>' = '(XEF_LA[20])';
        'XEF_LA<19>' = '(XEF_LA[19])';
        'XEF_LA<18>' = '(XEF_LA[18])';
        'XEF_LA<17>' = '(XEF_LA[17])';
        'XEF_LA<16>' = '(XEF_LA[16])';
        'XEF_LA<15>' = '(XEF_LA[15])';
        'XEF_LA<14>' = '(XEF_LA[14])';
        'XEF_LA<13>' = '(XEF_LA[13])';
        'XEF_LA<12>' = '(XEF_LA[12])';
        'XEF_LA<11>' = '(XEF_LA[11])';
        'XEF_LA<10>' = '(XEF_LA[10])';
        'XEF_LA<9>' = '(XEF_LA[9])';
        'XEF_LA<8>' = '(XEF_LA[8])';
        'XEF_LA<7>' = '(XEF_LA[7])';
        'XEF_LA<6>' = '(XEF_LA[6])';
        'XEF_LA<5>' = '(XEF_LA[5])';
        'XEF_LA<4>' = '(XEF_LA[4])';
        'XEF_LA<3>' = '(XEF_LA[3])';
        'XEF_LA<2>' = '(XEF_LA[2])';
        'XEF_LA<1>' = '(XEF_LA[1])';
        'XEF_LA<0>' = '(XEF_LA[0])';
        'XCLK_SYNC10' = '(XCLK_SYNC10)';
        'XASYNC_EN' = '(XASYNC_EN)';
        'SPARES<9>' = '(SPARES[9])';
        'SPARES<8>' = '(SPARES[8])';
        'SPARES<7>' = '(SPARES[7])';
        'SPARES<6>' = '(SPARES[6])';
        'SPARES<5>' = '(SPARES[5])';
        'SPARES<4>' = '(SPARES[4])';
        'SPARES<3>' = '(SPARES[3])';
        'SPARES<2>' = '(SPARES[2])';
        'SPARES<1>' = '(SPARES[1])';
        'SPARES<0>' = '(SPARES[0])';
        'SDOUT' = '(SDOUT)';
        'SDIN' = '(SDIN)';
        'M2' = '(M2)';
        '-RESET' = '(RESET_n)';
        'DUMMY_OUT' = '(DUMMY_OUT)';
        '-RDATA' = '(RDATA_n)';
        'RTRIG' = '(RTRIG)';
        '-PROGRAM' = '(PROGRAM_n)';
        'CCLK' = '(CCLK)';
        '-PWRDWN' = '(PWRDWN_n)';
      END_PIN;
    END_MODEL;
  END_PRIMITIVE;
END.
