FILE_TYPE=VERILOG_MAP;
PRIMITIVE 'SNOINT2';
    DEFAULT_MODEL=SNOINT2;
    UPPER_CASE=TRUE;
    MODEL 'SNOINT2';
        PIN_MAP
            'P4BEB'='(P4BEB)';
            'P4BEA'='(P4BEA)';
            'XIADJ2'='(XIADJ2)';
            'XIADJ1'='(XIADJ1)';
            'VBAL4B'='(VBAL4B)';
            'SAM4B'='(SAM4B)';
            'SAM4A'='(SAM4A)';
            'SAM3B'='(SAM3B)';
            'SAM3A'='(SAM3A)';
            'SAM2B'='(SAM2B)';
            'SAM2A'='(SAM2A)';
            'SAM1B'='(SAM1B)';
            'SAM1A'='(SAM1A)';
            'C4B'='(C4B)';
            'C4A'='(C4A)';
            'C3B'='(C3B)';
            'C3A'='(C3A)';
            'C2B'='(C2B)';
            'C2A'='(C2A)';
            'C1B'='(C1B)';
            'C1A'='(C1A)';
            'IN4B'='(IN4B)';
            'VBAL4A'='(VBAL4A)';
            'IN4A'='(IN4A)';
            'VBAL3B'='(VBAL3B)';
            'IN3B'='(IN3B)';
            'VBAL3A'='(VBAL3A)';
            'IN3A'='(IN3A)';
            'VBAL2B'='(VBAL2B)';
            'IN2B'='(IN2B)';
            'VBAL2A'='(VBAL2A)';
            'IN2A'='(IN2A)';
            'IN1A'='(IN1A)';
            'VBAL1A'='(VBAL1A)';
            'IN1B'='(IN1B)';
            'VBAL1B'='(VBAL1B)';
            'SUB1'='(SUB1)';
            'SUB2'='(SUB2)';
            'SUB3'='(SUB3)';
            'SUMA'='(SUMA)';
            'SUMB'='(SUMB)';
        END_PIN;
    END_MODEL;
END_PRIMITIVE;
END.
