FILE_TYPE=VERILOG_MAP;
PRIMITIVE 'XC3020';
    DEFAULT_MODEL=SEQCHIP4T;
    UPPER_CASE=TRUE;
    MODEL 'SEQCHIP4T';
        PIN_MAP
            'P0'='(P0)';
            'P1'='(P1)';
            'P2'='(BRD_STROBE)';
            'P3'='(BFECSEL)';
            'P4'='(E_BCHOLD)'; 
            'P5'='(BCREG_REQ)';
            'P6'='(P6)';
            'P7'='(P7)';
            'P8'='(BCAD_EN)';
            'P9'='(P9)'; 
            'P10'='(P10)';
            'P11'='(BDAVAIL)';
            'P12'='(P12)';
            'P13'='(BCLK)';
            'P14'='(P14)';
            'P15'='(P15)';
            'P16'='(BTESTMODE2)';
            'P17'='(P17)';
            'P18'='(P18)';
            'P19'='(E_BCSEL1)';
            'P20'='(P20)';
            'P21'='(E_BADC_CONVERT)';
            'P22'='(P22)';
            'P23'='(BSEQ_RESET)';
            'P24'='(BCONV_DONE)';
            'P25'='(P25)';
            'P26'='(E_BCSEL2)';
            'P27'='(P27)';
            'P28'='(E_BCSEL3)';
            'P29'='(P29)';
            'P30'='(P30)';
            'P31'='(P31)';
            'P32'='(P32)';
            'P33'='(P33)';
            'P34'='(P34)';
            'P35'='(P35)';
            'P36'='(P36)';
            'P37'='(P37)';
            'P38'='(P38)';
            'P39'='(E_BCSEL4)';
            'P40'='(P40)';
            'P41'='(P41)';
            'P42'='(P42)';
            'P43'='(P43)';
            'P44'='(P44)';
            'P45'='(E_BCSEL5)';
            'P46'='(P46)';
            'P47'='(E_BCSEL6)';
            'P48'='(P48)';
            'P49'='(E_BCSEL7)';
            'P50'='(P50)';
            'P51'='(P51)';
            'P52'='( E_BCSEL8)';
            'P53'='(BCLKA)';
            'P54'='(GLOBALRESET_)';
            'P55'='(BFECBUSY)';
            'P56'='(BTAG1)';
            'P57'='(BTAG2)';
            'P58'='(BTAG3)';
            'P59'='(P59)';
            'P60'='(P60)';
            'P61'='(P61)';
            'P62'='(P62)';
            'P63'='(P63)';
            'P64'='(P64)';
            'P65'='(BFECBUSY)';
            'P66'='(E_BMEMACK2)';
            'P67'='(E_BENW3)';
            'P68'='(E_BMEMREQ2)';
            'P69'='(P69)';
            'P70'='(E_BENW2)';
            'P71'='(E_BENW1)';
            'P72'='(P72)';
            'P73'='(P73)';
            'P74'='(P74)';
            'P75'='(BLATCH3)';
            'P76'='(P76)';
            'P77'='(BLATCH2)';
            'P78'='(P78)';
            'P79'='(P79)';
            'P80'='(P80)';
            'P81'='(BLATCH1)';
            'P82'='(BCHIP_SEL_EN)';
            'P83'='(BLATCH4)';
            'P84'='(BCREGSEL)';
            'P85'='(P85)';
            'P86'='(P86)';
            'P87'='(P87)';
            'P88'='(P88)';
            'P89'='(P89)';
        END_PIN;
    END_MODEL;
    MODEL 'NEWSEQ3T';
        PIN_MAP
            'P0'='(P0)';
            'P1'='(P1)';
            'P2'='(BRD_STROBE)';
            'P3'='(BFECSEL)';
            'P4'='(E_BCHOLD)'; 
            'P5'='(BCREG_REQ)';
            'P6'='(P6)';
            'P7'='(P7)';
            'P8'='(BCAD_EN)';
            'P9'='(AUXIN_0)'; 
            'P10'='(ADCCLK)';
            'P11'='(BDAVAIL)';
            'P12'='(P12)';
            'P13'='(BCLK)';
            'P14'='(P14)';
            'P15'='(AUXIN_1)';
            'P16'='(BTESTMODE2)';
            'P17'='(AUXOUT_0)';
            'P18'='(AUXOUT_2)';
            'P19'='(E_BCSEL1)';
            'P20'='(P20)';
            'P21'='(E_BADC_CONVERT)';
            'P22'='(P22)';
            'P23'='(BSEQ_RESET)';
            'P24'='(BCONV_DONE)';
            'P25'='(BDAVAIL1)';
            'P26'='(E_BCSEL2)';
            'P27'='(BDAVAIL2)';
            'P28'='(E_BCSEL3)';
            'P29'='(BDAVAIL3)';
            'P30'='(P30)';
            'P31'='(P31)';
            'P32'='(P32)';
            'P33'='(P33)';
            'P34'='(P34)';
            'P35'='(BDAVAIL4)';
            'P36'='(P36)';
            'P37'='(BDAVAIL5)';
            'P38'='(P38)';
            'P39'='(E_BCSEL4)';
            'P40'='(BDAVAIL6)';
            'P41'='(P41)';
            'P42'='(P42)';
            'P43'='(P43)';
            'P44'='(BDAVAIL7)';
            'P45'='(E_BCSEL5)';
            'P46'='(BDAVAIL8)';
            'P47'='(E_BCSEL6)';
            'P48'='(AUXOUT_1)';
            'P49'='(E_BCSEL7)';
            'P50'='(P50)';
            'P51'='(P51)';
            'P52'='( E_BCSEL8)';
            'P53'='(BCLKA)';
            'P54'='(GLOBALRESET_)';
            'P55'='(BFECBUSY)';
            'P56'='(BTAG1)';
            'P57'='(BTAG2)';
            'P58'='(BTAG3)';
            'P59'='(AUXOUT_3)';
            'P60'='(AUXOUT_4)';
            'P61'='(AUXIN_2)';
            'P62'='(P62)';
            'P63'='(BCHIP_NUM_0_)';
            'P64'='(P64)';
            'P65'='(BFECBUSY)';
            'P66'='(E_BMEMACK2)';
            'P67'='(E_BENW3)';
            'P68'='(E_BMEMREQ2)';
            'P69'='(P69)';
            'P70'='(E_BENW2)';
            'P71'='(E_BENW1)';
            'P72'='(P72)';
            'P73'='(P73)';
            'P74'='(P74)';
            'P75'='(BLATCH3)';
            'P76'='(BCHIP_NUM_1_)';
            'P77'='(BLATCH2)';
            'P78'='(BCHIP_NUM_2_)';
            'P79'='(P79)';
            'P80'='(P80)';
            'P81'='(BLATCH1)';
            'P82'='(BCHIP_SEL_EN)';
            'P83'='(BLATCH4)';
            'P84'='(BCREGSEL)';
            'P85'='(P85)';
            'P86'='(P86)';
            'P87'='(P87)';
            'P88'='(P88)';
            'P89'='(P89)';
        END_PIN;
    END_MODEL;
    MODEL 'SEQR3T';
        PIN_MAP
            'P0'='(P0)';
            'P1'='(P1)';
            'P2'='(BRD_STROBE)';
            'P3'='(BFECSEL)';
            'P4'='(E_BCHOLD)'; 
            'P5'='(BCREG_REQ)';
            'P6'='(P6)';
            'P7'='(P7)';
            'P8'='(BCAD_EN)';
            'P9'='(P9)'; 
            'P10'='(P10)';
            'P11'='(BDAVAIL)';
            'P12'='(P12)';
            'P13'='(BCLK)';
            'P14'='(P14)';
            'P15'='(P15)';
            'P16'='(BTESTMODE2)';
            'P17'='(P17)';
            'P18'='(P18)';
            'P19'='(E_BCSEL1)';
            'P20'='(P20)';
            'P21'='(E_BADC_CONVERT)';
            'P22'='(P22)';
            'P23'='(BSEQ_RESET)';
            'P24'='(BCONV_DONE)';
            'P25'='(P25)';
            'P26'='(E_BCSEL2)';
            'P27'='(P27)';
            'P28'='(E_BCSEL3)';
            'P29'='(P29)';
            'P30'='(P30)';
            'P31'='(P31)';
            'P32'='(P32)';
            'P33'='(P33)';
            'P34'='(P34)';
            'P35'='(P35)';
            'P36'='(P36)';
            'P37'='(P37)';
            'P38'='(P38)';
            'P39'='(E_BCSEL4)';
            'P40'='(P40)';
            'P41'='(P41)';
            'P42'='(P42)';
            'P43'='(P43)';
            'P44'='(P44)';
            'P45'='(E_BCSEL5)';
            'P46'='(P46)';
            'P47'='(E_BCSEL6)';
            'P48'='(P48)';
            'P49'='(E_BCSEL7)';
            'P50'='(P50)';
            'P51'='(P51)';
            'P52'='( E_BCSEL8)';
            'P53'='(BCLKA)';
            'P54'='(GLOBALRESET_)';
            'P55'='(BFECBUSY)';
            'P56'='(BTAG1)';
            'P57'='(BTAG2)';
            'P58'='(BTAG3)';
            'P59'='(P59)';
            'P60'='(P60)';
            'P61'='(P61)';
            'P62'='(P62)';
            'P63'='(P63)';
            'P64'='(P64)';
            'P65'='(BFECBUSY)';
            'P66'='(E_BMEMACK2)';
            'P67'='(E_BENW3)';
            'P68'='(E_BMEMREQ2)';
            'P69'='(P69)';
            'P70'='(E_BENW2)';
            'P71'='(E_BENW1)';
            'P72'='(P72)';
            'P73'='(P73)';
            'P74'='(P74)';
            'P75'='(BLATCH3)';
            'P76'='(P76)';
            'P77'='(BLATCH2)';
            'P78'='(P78)';
            'P79'='(P79)';
            'P80'='(P80)';
            'P81'='(BLATCH1)';
            'P82'='(BCHIP_SEL_EN)';
            'P83'='(BLATCH4)';
            'P84'='(BCREGSEL)';
            'P85'='(P85)';
            'P86'='(P86)';
            'P87'='(P87)';
            'P88'='(P88)';
            'P89'='(P89)';
        END_PIN;
    END_MODEL;
END_PRIMITIVE;
END.


