FILE_TYPE=VERILOG_MAP;
  PRIMITIVE 'seq96newt';
    MODEL 'seq96newt';
      PIN_MAP
        '-SQXREG_WR' = '(SQXREG_WR_n)';
        'SQXREG_SEL<2>' = '(SQXREG_SEL[2])';
        'SQXREG_SEL<1>' = '(SQXREG_SEL[1])';
        'SQXREG_SEL<0>' = '(SQXREG_SEL[0])';
        '-SQXREG_RD' = '(SQXREG_RD_n)';
        'SQTAG<4>' = '(SQTAG[4])';
        'SQTAG<3>' = '(SQTAG[3])';
        'SQTAG<2>' = '(SQTAG[2])';
        'SQTAG<1>' = '(SQTAG[1])';
        'SQTAG<0>' = '(SQTAG[0])';
        '-SQRD_STROBE' = '(SQRD_STROBE_n)';
        '-SQMEMORY_REQUEST' = '(SQMEMORY_REQUEST_n)';
        '-SQMEMORY_ACK' = '(SQMEMORY_ACK_n)';
        'SQLATCH<4>' = '(SQLATCH[4])';
        'SQLATCH<3>' = '(SQLATCH[3])';
        'SQLATCH<2>' = '(SQLATCH[2])';
        'SQLATCH<1>' = '(SQLATCH[1])';
        'SQFECBUSY' = '(SQFECBUSY)';
        'SQENW-<3>' = '(SQENW_[3])';
        'SQENW-<2>' = '(SQENW_[2])';
        'SQENW-<1>' = '(SQENW_[1])';
        'SQDAV32OR' = '(SQDAV32OR)';
        'SQDAV<32>' = '(SQDAV[32])';
        'SQDAV<31>' = '(SQDAV[31])';
        'SQDAV<30>' = '(SQDAV[30])';
        'SQDAV<29>' = '(SQDAV[29])';
        'SQDAV<28>' = '(SQDAV[28])';
        'SQDAV<27>' = '(SQDAV[27])';
        'SQDAV<26>' = '(SQDAV[26])';
        'SQDAV<25>' = '(SQDAV[25])';
        'SQDAV<24>' = '(SQDAV[24])';
        'SQDAV<23>' = '(SQDAV[23])';
        'SQDAV<22>' = '(SQDAV[22])';
        'SQDAV<21>' = '(SQDAV[21])';
        'SQDAV<20>' = '(SQDAV[20])';
        'SQDAV<19>' = '(SQDAV[19])';
        'SQDAV<18>' = '(SQDAV[18])';
        'SQDAV<17>' = '(SQDAV[17])';
        'SQDAV<16>' = '(SQDAV[16])';
        'SQDAV<15>' = '(SQDAV[15])';
        'SQDAV<14>' = '(SQDAV[14])';
        'SQDAV<13>' = '(SQDAV[13])';
        'SQDAV<12>' = '(SQDAV[12])';
        'SQDAV<11>' = '(SQDAV[11])';
        'SQDAV<10>' = '(SQDAV[10])';
        'SQDAV<9>' = '(SQDAV[9])';
        'SQDAV<8>' = '(SQDAV[8])';
        'SQDAV<7>' = '(SQDAV[7])';
        'SQDAV<6>' = '(SQDAV[6])';
        'SQDAV<5>' = '(SQDAV[5])';
        'SQDAV<4>' = '(SQDAV[4])';
        'SQDAV<3>' = '(SQDAV[3])';
        'SQDAV<2>' = '(SQDAV[2])';
        'SQDAV<1>' = '(SQDAV[1])';
        'SQD<31>' = '(SQD[31])';
        'SQD<30>' = '(SQD[30])';
        'SQD<29>' = '(SQD[29])';
        'SQD<28>' = '(SQD[28])';
        'SQD<27>' = '(SQD[27])';
        'SQD<26>' = '(SQD[26])';
        'SQD<25>' = '(SQD[25])';
        'SQD<24>' = '(SQD[24])';
        'SQD<23>' = '(SQD[23])';
        'SQD<22>' = '(SQD[22])';
        'SQD<21>' = '(SQD[21])';
        'SQD<20>' = '(SQD[20])';
        'SQD<19>' = '(SQD[19])';
        'SQD<18>' = '(SQD[18])';
        'SQD<17>' = '(SQD[17])';
        'SQD<16>' = '(SQD[16])';
        'SQD<15>' = '(SQD[15])';
        'SQD<14>' = '(SQD[14])';
        'SQD<13>' = '(SQD[13])';
        'SQD<12>' = '(SQD[12])';
        'SQD<11>' = '(SQD[11])';
        'SQD<10>' = '(SQD[10])';
        'SQD<9>' = '(SQD[9])';
        'SQD<8>' = '(SQD[8])';
        'SQD<7>' = '(SQD[7])';
        'SQD<6>' = '(SQD[6])';
        'SQD<5>' = '(SQD[5])';
        'SQD<4>' = '(SQD[4])';
        'SQD<3>' = '(SQD[3])';
        'SQD<2>' = '(SQD[2])';
        'SQD<1>' = '(SQD[1])';
        'SQD<0>' = '(SQD[0])';
        'SQCREG_SEL' = '(SQCREG_SEL)';
        'SQCREG_REQ' = '(SQCREG_REQ)';
        '-SQCONVERT_START' = '(SQCONVERT_START_n)';
        'SQCLK' = '(SQCLK)';
        '-SQCHOLD' = '(SQCHOLD_n)';
        'SQCHIP_SEL_EN' = '(SQCHIP_SEL_EN)';
        'SQCADD_ENABLE' = '(SQCADD_ENABLE)';
        '-SQADC_BUSY' = '(SQADC_BUSY_n)';
        'SPAREOUT<2>' = '(SPAREOUT[2])';
        'SPAREOUT<1>' = '(SPAREOUT[1])';
        'SPAREOUT<0>' = '(SPAREOUT[0])';
        'SPAREIN<2>' = '(SPAREIN[2])';
        'SPAREIN<1>' = '(SPAREIN[1])';
        'SPAREIN<0>' = '(SPAREIN[0])';
        'SDOUT' = '(SDOUT)';
        'SDIN' = '(SDIN)';
        'M2' = '(M2)';
        '-RESET' = '(RESET_n)';
        'ADC_DONE' = '(ADC_DONE)';
        '-RDATA' = '(RDATA_n)';
        'RTRIG' = '(RTRIG)';
        '-PROGRAM' = '(PROGRAM_n)';
        'CCLK' = '(CCLK)';
        '-PWRDWN' = '(PWRDWN_n)';
      END_PIN;
    END_MODEL;
  END_PRIMITIVE;
END.
