(---------------------------------------------------------------------)
(                                                                     )
(    Allegro Netrev Import Logic                                      )
(                                                                     )
(    Drawing          : TUBiiPrelim.brd                               )
(    Software Version : 16.6P004                                      )
(    Date/Time        : Thu Oct 23 17:15:42 2014                      )
(                                                                     )
(---------------------------------------------------------------------)


------ Directives ------

RIPUP_ETCH FALSE;
RIPUP_DELETE_FIRST_SEGMENT FALSE;
RIPUP_RETAIN_BONDWIRE FALSE;
RIPUP_SYMBOLS ALWAYS;
Missing symbol has error FALSE;
SCHEMATIC_DIRECTORY 'C:\Users\QGPWindowsVB\Downloads\orebi\SPB_Data\TUBII5\worklib\base_mon\packaged';
BOARD_DIRECTORY '';
OLD_BOARD_NAME 'C:/Users/QGPWindowsVB/Downloads/orebi/SPB_Data/TUBII5/worklib/tubii/physical/TUBiiPrelim.brd';
NEW_BOARD_NAME 'test.brd';

CmdLine: netrev -proj C:\Users\QGPWindowsVB\Downloads\orebi\SPB_Data\TUBII5\tubii.cpm -y 1 -O C:\Users\QGPWindowsVB\Downloads\orebi\SPB_Data\TUBII5\worklib\tubii\physical\TUBiiPrelim.brd C:\Users\QGPWindowsVB\Downloads\orebi\SPB_Data\TUBII5\worklib\tubii\physical\test.brd -$

------ Preparing to read pst files ------

Starting to read C:/Users/QGPWindowsVB/Downloads/orebi/SPB_Data/TUBII5/worklib/base_mon/packaged/pstchip.dat 
   Finished reading C:/Users/QGPWindowsVB/Downloads/orebi/SPB_Data/TUBII5/worklib/base_mon/packaged/pstchip.dat (00:00:00.86)
Starting to read C:/Users/QGPWindowsVB/Downloads/orebi/SPB_Data/TUBII5/worklib/base_mon/packaged/pstxprt.dat 
   Finished reading C:/Users/QGPWindowsVB/Downloads/orebi/SPB_Data/TUBII5/worklib/base_mon/packaged/pstxprt.dat (00:00:00.01)
Starting to read C:/Users/QGPWindowsVB/Downloads/orebi/SPB_Data/TUBII5/worklib/base_mon/packaged/pstxnet.dat 
   Finished reading C:/Users/QGPWindowsVB/Downloads/orebi/SPB_Data/TUBII5/worklib/base_mon/packaged/pstxnet.dat (00:00:00.01)

------ Oversights/Warnings/Errors ------




===========================================================
Start Constraint Override Import
	Constraint File:    C:/Users/QGPWindowsVB/Downloads/orebi/SPB_Data/TUBII5/worklib/base_mon/packaged/pstcmdb.dat
	Start time: Thu Oct 23 17:15:43 2014
===========================================================
===========================================================
Finished Constraint Update	Time: Thu Oct 23 17:15:44 2014
===========================================================

------ Library Paths ------
MODULEPATH =  . 
           C:/Cadence/SPB_16.6/share/local/pcb/modules 

PSMPATH =  . 
           symbols 
           .. 
           ../symbols 
           C:/Cadence/SPB_16.6/share/local/pcb/symbols 
           C:/Cadence/SPB_16.6/share/pcb/pcb_lib/symbols 
           C:/Cadence/SPB_16.6/share/pcb/allegrolib/symbols 

PADPATH =  . 
           symbols 
           .. 
           ../symbols 
           C:/Cadence/SPB_16.6/share/local/pcb/padstacks 
           C:/Cadence/SPB_16.6/share/pcb/pcb_lib/symbols 
           C:/Cadence/SPB_16.6/share/pcb/allegrolib/symbols 


------ Summary Statistics ------


netrev run on Oct 23 17:15:41 2014
   DESIGN NAME : 'BASE_MON'
   PACKAGING ON 23-Oct-2014 AT 17:15:34

   COMPILE 'logic'
   CHECK_PIN_NAMES OFF
   CROSS_REFERENCE OFF
   DIRECTORIES  <none>
   FEEDBACK OFF
   INCREMENTAL OFF
   INTERFACE_TYPE PHYSICAL
   LIBRARIES  'tubii_lib' 'standard' '100e' '10k' '10kh' '54fct' 'capacitors'
              'diodes' 'ecl' 'fast' 'hcmos' 'misc' 'physparts' 'regulators'
              'resistors' 'transistors' 'ttl'
   MASTER_LIBRARIES  <none>
   MAX_ERRORS 500
   MERGE_MINIMUM 5
   NET_NAME_CHARS '#%&()*+-./:=>?@[]^_`|'
   NET_NAME_LENGTH 24
   OVERSIGHTS ON
   REPLACE_CHECK OFF
   SINGLE_NODE_NETS ON
   SPLIT_MINIMUM 0
   SUPPRESS   20
   WARNINGS ON

 No error detected
 No oversight detected
 No warning detected

cpu time      0:06:12
elapsed time  0:00:03

