(---------------------------------------------------------------------)
(                                                                     )
(    Allegro Netrev Import Logic                                      )
(                                                                     )
(    Drawing          : basemon_mod.brd                               )
(    Software Version : 16.6P004                                      )
(    Date/Time        : Thu Oct 30 11:34:31 2014                      )
(                                                                     )
(---------------------------------------------------------------------)


------ Directives ------

RIPUP_ETCH FALSE;
RIPUP_DELETE_FIRST_SEGMENT FALSE;
RIPUP_RETAIN_BONDWIRE FALSE;
RIPUP_SYMBOLS ALWAYS;
Missing symbol has error FALSE;
SCHEMATIC_DIRECTORY 'C:\Users\QGPWindowsVB\Downloads\orebi\SPB_Data\TUBII5\worklib\tubii\packaged';
BOARD_DIRECTORY '';
OLD_BOARD_NAME 'C:/Users/QGPWindowsVB/Downloads/orebi/SPB_Data/TUBII5/worklib/tubii/physical/basemon_mod.brd';
NEW_BOARD_NAME 'tubii_v1.brd';

CmdLine: netrev -proj C:\Users\QGPWindowsVB\Downloads\orebi\SPB_Data\TUBII5\tubii.cpm -y 1 -O C:\Users\QGPWindowsVB\Downloads\orebi\SPB_Data\TUBII5\worklib\tubii\physical\basemon_mod.brd C:\Users\QGPWindowsVB\Downloads\orebi\SPB_Data\TUBII5\worklib\tubii\physical\tubii_v1.brd -$

------ Preparing to read pst files ------

Starting to read C:/Users/QGPWindowsVB/Downloads/orebi/SPB_Data/TUBII5/worklib/tubii/packaged/pstchip.dat 
   Finished reading C:/Users/QGPWindowsVB/Downloads/orebi/SPB_Data/TUBII5/worklib/tubii/packaged/pstchip.dat (00:00:01.40)
Starting to read C:/Users/QGPWindowsVB/Downloads/orebi/SPB_Data/TUBII5/worklib/tubii/packaged/pstxprt.dat 
   Finished reading C:/Users/QGPWindowsVB/Downloads/orebi/SPB_Data/TUBII5/worklib/tubii/packaged/pstxprt.dat (00:00:00.25)
Starting to read C:/Users/QGPWindowsVB/Downloads/orebi/SPB_Data/TUBII5/worklib/tubii/packaged/pstxnet.dat 
   Finished reading C:/Users/QGPWindowsVB/Downloads/orebi/SPB_Data/TUBII5/worklib/tubii/packaged/pstxnet.dat (00:00:00.23)

------ Oversights/Warnings/Errors ------


#1   WARNING(SPMHNI-192): Device/Symbol check warning detected. [help]

WARNING(SPMHNI-337): Unable to load symbol 'LFCSP' for device 'ADCMP566': WARNING(SPMHUT-127): Could not find padstack SMDGDOG. [help]

#2   WARNING(SPMHNI-192): Device/Symbol check warning detected. [help]

WARNING(SPMHNI-194): Symbol 'NONE_ASSIGNED_YET' for device 'COTO2342' not found in PSMPATH or must be "dbdoctor"ed.

#3   WARNING(SPMHNI-192): Device/Symbol check warning detected. [help]

WARNING(SPMHNI-194): Symbol 'CAP0603' for device 'CSMD0603-100NF,10%,0603,25V' not found in PSMPATH or must be "dbdoctor"ed.

#4   WARNING(SPMHNI-192): Device/Symbol check warning detected. [help]

WARNING(SPMHNI-194): Symbol 'CAP0603' for device 'CSMD0603-1UF,10%,0603,25V' not found in PSMPATH or must be "dbdoctor"ed.

#5   WARNING(SPMHNI-192): Device/Symbol check warning detected. [help]

WARNING(SPMHNI-194): Symbol 'FCI_61083-101400LF' for device 'FCI_61083-101400LF' not found in PSMPATH or must be "dbdoctor"ed.

#6   WARNING(SPMHNI-192): Device/Symbol check warning detected. [help]

WARNING(SPMHNI-194): Symbol 'INDUCT805' for device 'INDUCTOR_L' not found in PSMPATH or must be "dbdoctor"ed.

#7   WARNING(SPMHNI-192): Device/Symbol check warning detected. [help]

WARNING(SPMHNI-194): Symbol 'LED1206' for device 'LED_1206-BLUE,BLUE,1206,16V' not found in PSMPATH or must be "dbdoctor"ed.

#8   WARNING(SPMHNI-192): Device/Symbol check warning detected. [help]

WARNING(SPMHNI-194): Symbol 'LED1206' for device 'LED_1206-GREEN,GREEN,1206,16V' not found in PSMPATH or must be "dbdoctor"ed.

#9   WARNING(SPMHNI-192): Device/Symbol check warning detected. [help]

WARNING(SPMHNI-194): Symbol 'LED1206' for device 'LED_1206-ORANGE,ORANGE,1206,16V' not found in PSMPATH or must be "dbdoctor"ed.

#10  WARNING(SPMHNI-192): Device/Symbol check warning detected. [help]

WARNING(SPMHNI-194): Symbol 'LED1206' for device 'LED_1206-YELLOW,YELLOW,1206,16V' not found in PSMPATH or must be "dbdoctor"ed.

#11  WARNING(SPMHNI-192): Device/Symbol check warning detected. [help]

WARNING(SPMHNI-194): Symbol 'LED' for device 'LED_L' not found in PSMPATH or must be "dbdoctor"ed.

#12  WARNING(SPMHNI-192): Device/Symbol check warning detected. [help]

WARNING(SPMHNI-194): Symbol 'SOT223' for device 'LM1117' not found in PSMPATH or must be "dbdoctor"ed.

#13  WARNING(SPMHNI-192): Device/Symbol check warning detected. [help]

ERROR(SPMHNI-196): Symbol 'DIP14_3' for device 'PRMA1C05B' has extra pin '14'.

ERROR(SPMHNI-196): Symbol 'DIP14_3' for device 'PRMA1C05B' has extra pin '13'.

ERROR(SPMHNI-196): Symbol 'DIP14_3' for device 'PRMA1C05B' has extra pin '12'.

ERROR(SPMHNI-196): Symbol 'DIP14_3' for device 'PRMA1C05B' has extra pin '11'.

ERROR(SPMHNI-196): Symbol 'DIP14_3' for device 'PRMA1C05B' has extra pin '10'.

ERROR(SPMHNI-196): Symbol 'DIP14_3' for device 'PRMA1C05B' has extra pin '9'.

#14  WARNING(SPMHNI-192): Device/Symbol check warning detected. [help]

WARNING(SPMHNI-194): Symbol 'RES805' for device 'RES_L' not found in PSMPATH or must be "dbdoctor"ed.

#15  WARNING(SPMHNI-192): Device/Symbol check warning detected. [help]

WARNING(SPMHNI-194): Symbol 'RES805' for device 'RSMD0805-0,1%,0805' not found in PSMPATH or must be "dbdoctor"ed.

#16  WARNING(SPMHNI-192): Device/Symbol check warning detected. [help]

WARNING(SPMHNI-194): Symbol 'RES805' for device 'RSMD0805-100,1%,0805' not found in PSMPATH or must be "dbdoctor"ed.

#17  WARNING(SPMHNI-192): Device/Symbol check warning detected. [help]

WARNING(SPMHNI-194): Symbol 'RES805' for device 'RSMD0805-1000,1%,0805' not found in PSMPATH or must be "dbdoctor"ed.

#18  WARNING(SPMHNI-192): Device/Symbol check warning detected. [help]

WARNING(SPMHNI-194): Symbol 'RES805' for device 'RSMD0805-10K,1%,0805' not found in PSMPATH or must be "dbdoctor"ed.

#19  WARNING(SPMHNI-192): Device/Symbol check warning detected. [help]

WARNING(SPMHNI-194): Symbol 'RES805' for device 'RSMD0805-111,1%,0805' not found in PSMPATH or must be "dbdoctor"ed.

#20  WARNING(SPMHNI-192): Device/Symbol check warning detected. [help]

WARNING(SPMHNI-194): Symbol 'RES805' for device 'RSMD0805-120,1%,0805' not found in PSMPATH or must be "dbdoctor"ed.

#21  WARNING(SPMHNI-192): Device/Symbol check warning detected. [help]

WARNING(SPMHNI-194): Symbol 'RES805' for device 'RSMD0805-125,1%,0805' not found in PSMPATH or must be "dbdoctor"ed.

#22  WARNING(SPMHNI-192): Device/Symbol check warning detected. [help]

WARNING(SPMHNI-194): Symbol 'RES805' for device 'RSMD0805-130,1%,0805' not found in PSMPATH or must be "dbdoctor"ed.

#23  WARNING(SPMHNI-192): Device/Symbol check warning detected. [help]

WARNING(SPMHNI-194): Symbol 'RES805' for device 'RSMD0805-2K,1%,0805' not found in PSMPATH or must be "dbdoctor"ed.

#24  WARNING(SPMHNI-192): Device/Symbol check warning detected. [help]

WARNING(SPMHNI-194): Symbol 'RES805' for device 'RSMD0805-499,1%,0805' not found in PSMPATH or must be "dbdoctor"ed.

#25  WARNING(SPMHNI-192): Device/Symbol check warning detected. [help]

WARNING(SPMHNI-194): Symbol 'RES805' for device 'RSMD0805-50,1%,0805' not found in PSMPATH or must be "dbdoctor"ed.

#26  WARNING(SPMHNI-192): Device/Symbol check warning detected. [help]

WARNING(SPMHNI-194): Symbol 'RES805' for device 'RSMD0805-71.5,1%,0805' not found in PSMPATH or must be "dbdoctor"ed.

#27  WARNING(SPMHNI-192): Device/Symbol check warning detected. [help]

WARNING(SPMHNI-194): Symbol 'RES805' for device 'RSMD0805-84,0.1%,0805' not found in PSMPATH or must be "dbdoctor"ed.

#28  WARNING(SPMHNI-192): Device/Symbol check warning detected. [help]

WARNING(SPMHNI-194): Symbol 'FEC32DTP' for device 'TESTPOINT_L' not found in PSMPATH or must be "dbdoctor"ed.



===========================================================
Start Constraint Diff3 Import
	Constraint File:    C:/Users/QGPWindowsVB/Downloads/orebi/SPB_Data/TUBII5/worklib/tubii/packaged/pstcmdb.dat
	Allegro Baseline:   C:/Users/QGPWIN~1/AppData/Local/Temp/#Taaaaad02624.tmp
	Start time: Thu Oct 30 11:34:34 2014
===========================================================
===========================================================
Finished Constraint Update	Time: Thu Oct 30 11:34:37 2014
===========================================================

------ Library Paths ------
MODULEPATH =  . 
           C:/Cadence/SPB_16.6/share/local/pcb/modules 

PSMPATH =  . 
           symbols 
           .. 
           ../symbols 
           C:/Cadence/SPB_16.6/share/local/pcb/symbols 
           C:/Cadence/SPB_16.6/share/pcb/pcb_lib/symbols 
           C:/Cadence/SPB_16.6/share/pcb/allegrolib/symbols 

PADPATH =  . 
           symbols 
           .. 
           ../symbols 
           C:/Cadence/SPB_16.6/share/local/pcb/padstacks 
           C:/Cadence/SPB_16.6/share/pcb/pcb_lib/symbols 
           C:/Cadence/SPB_16.6/share/pcb/allegrolib/symbols 


------ Summary Statistics ------


netrev run on Oct 30 11:34:30 2014
   DESIGN NAME : 'TUBII'
   PACKAGING ON 30-Oct-2014 AT 11:33:13

   COMPILE 'logic'
   CHECK_PIN_NAMES OFF
   CROSS_REFERENCE OFF
   DIRECTORIES  <none>
   FEEDBACK OFF
   INCREMENTAL OFF
   INTERFACE_TYPE PHYSICAL
   LIBRARIES  'tubii_lib' 'standard' '100e' '10k' '10kh' '54fct' 'capacitors'
              'diodes' 'ecl' 'fast' 'hcmos' 'misc' 'physparts' 'regulators'
              'resistors' 'transistors' 'ttl'
   MASTER_LIBRARIES  <none>
   MAX_ERRORS 500
   MERGE_MINIMUM 5
   NET_NAME_CHARS '#%&()*+-./:=>?@[]^_`|'
   NET_NAME_LENGTH 24
   OVERSIGHTS ON
   REPLACE_CHECK OFF
   SINGLE_NODE_NETS ON
   SPLIT_MINIMUM 0
   SUPPRESS   20
   WARNINGS ON

 No error detected
 No oversight detected
 28 warnings detected

cpu time      0:14:54
elapsed time  0:00:08

