FILE_TYPE=VERILOG_MAP;
  PRIMITIVE 'gt_countert';
    MODEL 'gt_countert';
      PIN_MAP
        'OSPARE2' = '(OSPARE2)';
        'OSPARE1' = '(OSPARE1)';
        'M2' = '(M2)';
        'ISPARE2' = '(ISPARE2)';
        'ISPARE1' = '(ISPARE1)';
        '-RESET' = '(RESET_n)';
        'ES24_MEMD' = '(ES24_MEMD)';
        'ES_MEMD' = '(ES_MEMD)';
        'DOUT' = '(DOUT)';
        'DIN' = '(DIN)';
        'BWRFLG_MEMD15' = '(BWRFLG_MEMD15)';
        '-BSYNCLR24' = '(BSYNCLR24_n)';
        '-BSYNCLR' = '(BSYNCLR_n)';
        '-BGTRIG' = '(BGTRIG_n)';
        'BFECBUSY' = '(BFECBUSY)';
        'BERR_SYNCLR24' = '(BERR_SYNCLR24)';
        'BERR_SYNCLR' = '(BERR_SYNCLR)';
        'BERR_RESET' = '(BERR_RESET)';
        '-BENW3' = '(BENW3_n)';
        '-BENW1' = '(BENW1_n)';
        'BCLK' = '(BCLK)';
        'BCGTHACK2' = '(BCGTHACK2)';
        'BCGTHACK1' = '(BCGTHACK1)';
        '-BCCLR' = '(BCCLR_n)';
        'BBD_CGT_HI<7>' = '(BBD_CGT_HI[7])';
        'BBD_CGT_HI<6>' = '(BBD_CGT_HI[6])';
        'BBD_CGT_HI<5>' = '(BBD_CGT_HI[5])';
        'BBD_CGT_HI<4>' = '(BBD_CGT_HI[4])';
        'BBD_CGT_HI<3>' = '(BBD_CGT_HI[3])';
        'BBD_CGT_HI<2>' = '(BBD_CGT_HI[2])';
        'BBD_CGT_HI<1>' = '(BBD_CGT_HI[1])';
        'BBD_CGT_HI<0>' = '(BBD_CGT_HI[0])';
        '-PWRDWN' = '(PWRDWN_n)';
        '-RDATA' = '(RDATA_n)';
        'RTRIG' = '(RTRIG)';
        'P20' = '(P20)';
        '-PROGRAM' = '(PROGRAM_n)';
        'CCLK' = '(CCLK)';
        'P43' = '(P43)';
        'P44' = '(P44)';
      END_PIN;
    END_MODEL;
  END_PRIMITIVE;
END.
