FILE_TYPE=VERILOG_MAP;
PRIMITIVE 'DRAMSIMM';
    DEFAULT_MODEL=DRAMSIMM;
    UPPER_CASE=TRUE;
    MODEL 'DRAMSIMM';
        PIN_MAP
            '-CAS3'='(CAS3_)';
            '-CAS2'='(CAS2_)';
            '-CAS1'='(CAS1_)';
            '-CAS0'='(CAS0_)';
            '-RAS2'='(RAS2_)';
            '-RAS0'='(RAS0_)';
            'A9'='(AD9)';
            'A8'='(AD8)';
            'A7'='(AD7)';
            'A6'='(AD6)';
            'A5'='(AD5)';
            'A4'='(AD4)';
            'A3'='(AD3)';
            'A2'='(AD2)';
            'A1'='(AD1)';
            'A0'='(AD0)';
            'DQ32'='(D32)';
            'DQ31'='(D31)';
            'DQ30'='(D30)';
            'DQ29'='(D29)';
            'DQ28'='(D28)';
            'DQ27'='(D27)';
            'DQ26'='(D26)';
            'DQ25'='(D25)';
            'DQ24'='(D24)';
            'DQ23'='(D23)';
            'DQ22'='(D22)';
            'DQ21'='(D21)';
            'DQ20'='(D20)';
            'DQ19'='(D19)';
            'DQ18'='(D18)';
            'DQ17'='(D17)';
            'DQ16'='(D16)';
            'DQ15'='(D15)';
            'DQ14'='(D14)';
            'DQ13'='(D13)';
            'DQ12'='(D12)';
            'DQ11'='(D11)';
            'DQ10'='(D10)';
            'DQ9'='(D9)';
            'DQ8'='(D8)';
            'DQ7'='(D7)';
            'DQ6'='(D6)';
            'DQ5'='(D5)';
            'DQ4'='(D4)';
            'DQ3'='(D3)';
            'DQ2'='(D2)';
            'DQ1'='(D1)';
            'PRD1'='(PRD1)';
            'PRD2'='(PRD2)';
            'PRD3'='(PRD3)';
            'PRD4'='(PRD4)';
            '-WE'='(WE_)';
        END_PIN;
    END_MODEL;
END_PRIMITIVE;
END.
