FILE_TYPE=VERILOG_MAP;
PRIMITIVE 'SNOCMOS7';
    DEFAULT_MODEL=SNOCMOS7;
    UPPER_CASE=TRUE;
    MODEL 'SNOCMOS7';
        PIN_MAP
            'QLO'='(loGainIn)';
            'QHI'='(hiGainIn)';
            'SAMPP'='(samplePos)';
            'SAMPN'='(sampleNeg)';
            'DISCRP'='(resetPos)';
            'DISCRN'='(resetNeg)';
            'SET'='(SET)';
            'TRISET'='(TRISET)';
            'TR20_OUT'='(TR20_OUT)';
            'SERDATIN'='(DATIN)';
            'STORE'='(STORE)';
            'SERCLOCK'='(SHFTCLK)';
            'SERDATOUT'='(SEROUT)';
            'LGISEL'='(LGISEL)';
            'SPARECLEAR'='(SPARECLEAR)';
            'SPARECOUNT'='(RECOUNT)';
            'SCIN'='(SCIN)';
            'SHIFT'='(SHIFT)';
            '-GTRIG'='(gtrigger)';
            'MODE'='(MODE)';
            'SCOUT'='(SCOUT)';
            'D0'='(dataout0)';
            'D1'='(dataout1)';
            'D2'='(dataout2)';
            'D3'='(dataout3)';
            'D4'='(dataout4)';
            'D5'='(dataout5)';
            'D6'='(dataout6)';
            'D7'='(dataout7)';
            'FULL'='(chan_full)';
            'DAVAIL'='(data_avail)';
            'RDSTR'='(rdstr)';
            'A0'='(a0)';
            'A1'='(a1)';
            'A2'='(a2)';
            'A3'='(a3)';
            'A4'='(a4)';
            '-CSEL'='(chip_sel)';
            'TR100_OUT'='(TR100_OUT)';
            'TRISET100'='(TRISET100)';
            '-SYNCLR'='(resetEventId)';
            'GTSEL'='(GTSEL)';
            'EXTGT'='(EXTGT)';
            '-CLR'='(masterclr)';
            'OUTTAC'='(TACout)';
            'OUTQHL'='(hiGainOut)';
            'OUTQHS'='(loGainShortOut)';
            'OUTQLL'='(loGainLongOut)';
            'GTVALID'='(GTVALID)';
            'ISETA1'='(ISETA1)';
            'ISETM1'='(isetm1)';
            'ISETA0'='(ISETA0)';
            'ISETM0'='(isetm0)';
            'TACREF'='(TACREF)';
            'VMAX'='(vmax)';
            'GNDA'='(agnd)';
            'VDDA'='(vdd)';
            'GNDGUARD'='(GNDGUARD)';
            'GNDCORE'='(dgnd)';
            'GNDRING'='(GNDRING)';
            'VDDGUARD'='(VDDGUARD)';
            'VDDCORE'='(vlo)';
            'VDDRING'='(vhi)';
        END_PIN;
    END_MODEL;
END_PRIMITIVE;
END.
