FILE_TYPE=VERILOG_MAP;
PRIMITIVE 'CONN165';
    DEFAULT_MODEL=CONN165;
    UPPER_CASE=TRUE;
    MODEL 'CONN165';
        PIN_MAP
            'A1'='(PIN1)';
            'A2'='(PIN2)';
            'A3'='(PIN3)';
            'A4'='(PIN4)';
            'A5'='(PIN5)';
            'A6'='(PIN6)';
            'A7'='(PIN7)';
            'A8'='(PIN8)';
            'A9'='(PIN9)';
            'A10'='(PIN10)';
            'A11'='(PIN11)';
            'A12'='(PIN12)';
            'A13'='(PIN13)';
            'A14'='(PIN14)';
            'A15'='(PIN15)';
            'A16'='(PIN16)';
            'A17'='(PIN17)';
            'A18'='(PIN18)';
            'A19'='(PIN19)';
            'A20'='(PIN20)';
            'A21'='(PIN21)';
            'A22'='(PIN22)';
            'A23'='(PIN23)';
            'A24'='(PIN24)';
            'A25'='(PIN25)';
            'A26'='(PIN26)';
            'A27'='(PIN27)';
            'A28'='(PIN28)';
            'A29'='(PIN29)';
            'A30'='(PIN30)';
            'A31'='(PIN31)';
            'A32'='(PIN32)';
            'A33'='(PIN33)';
            'B1'='(PIN34)';
            'B2'='(PIN35)';
            'B3'='(PIN36)';
            'B4'='(PIN37)';
            'B5'='(PIN38)';
            'B6'='(PIN39)';
            'B7'='(PIN40)';
            'B8'='(PIN41)';
            'B9'='(PIN42)';
            'B10'='(PIN43)';
            'B11'='(PIN44)';
            'B12'='(PIN45)';
            'B13'='(PIN46)';
            'B14'='(PIN47)';
            'B15'='(PIN48)';
            'B16'='(PIN49)';
            'B17'='(PIN50)';
            'B18'='(PIN51)';
            'B19'='(PIN52)';
            'B20'='(PIN53)';
            'B21'='(PIN54)';
            'B22'='(PIN55)';
            'B23'='(PIN56)';
            'B24'='(PIN57)';
            'B25'='(PIN58)';
            'B26'='(PIN59)';
            'B27'='(PIN60)';
            'B28'='(PIN61)';
            'B29'='(PIN62)';
            'B30'='(PIN63)';
            'B31'='(PIN64)';
            'B32'='(PIN65)';
            'B33'='(PIN66)';
            'C1'='(PIN67)';
            'C2'='(PIN68)';
            'C3'='(PIN69)';
            'C4'='(PIN70)';
            'C5'='(PIN71)';
            'C6'='(PIN72)';
            'C7'='(PIN73)';
            'C8'='(PIN74)';
            'C9'='(PIN75)';
            'C10'='(PIN76)';
            'C11'='(PIN77)';
            'C12'='(PIN78)';
            'C13'='(PIN79)';
            'C14'='(PIN80)';
            'C15'='(PIN81)';
            'C16'='(PIN82)';
            'C17'='(PIN83)';
            'C18'='(PIN84)';
            'C19'='(PIN85)';
            'C20'='(PIN86)';
            'C21'='(PIN87)';
            'C22'='(PIN88)';
            'C23'='(PIN89)';
            'C24'='(PIN90)';
            'C25'='(PIN91)';
            'C26'='(PIN92)';
            'C27'='(PIN93)';
            'C28'='(PIN94)';
            'C29'='(PIN95)';
            'C30'='(PIN96)';
            'C31'='(PIN97)';
            'C32'='(PIN98)';
            'C33'='(PIN99)';
            'D1'='(PIN100)';
            'D2'='(PIN101)';
            'D3'='(PIN102)';
            'D4'='(PIN103)';
            'D5'='(PIN104)';
            'D6'='(PIN105)';
            'D7'='(PIN106)';
            'D8'='(PIN107)';
            'D9'='(PIN108)';
            'D10'='(PIN109)';
            'D11'='(PIN110)';
            'D12'='(PIN111)';
            'D13'='(PIN112)';
            'D14'='(PIN113)';
            'D15'='(PIN114)';
            'D16'='(PIN115)';
            'D17'='(PIN116)';
            'D18'='(PIN117)';
            'D19'='(PIN118)';
            'D20'='(PIN119)';
            'D21'='(PIN120)';
            'D22'='(PIN121)';
            'D23'='(PIN122)';
            'D24'='(PIN123)';
            'D25'='(PIN124)';
            'D26'='(PIN125)';
            'D27'='(PIN126)';
            'D28'='(PIN127)';
            'D29'='(PIN128)';
            'D30'='(PIN129)';
            'D31'='(PIN130)';
            'D32'='(PIN131)';
            'D33'='(PIN132)';
            'E1'='(PIN133)';
            'E2'='(PIN134)';
            'E3'='(PIN135)';
            'E4'='(PIN136)';
            'E5'='(PIN137)';
            'E6'='(PIN138)';
            'E7'='(PIN139)';
            'E8'='(PIN140)';
            'E9'='(PIN141)';
            'E10'='(PIN142)';
            'E11'='(PIN143)';
            'E12'='(PIN144)';
            'E13'='(PIN145)';
            'E14'='(PIN146)';
            'E15'='(PIN147)';
            'E16'='(PIN148)';
            'E17'='(PIN149)';
            'E18'='(PIN150)';
            'E19'='(PIN151)';
            'E20'='(PIN152)';
            'E21'='(PIN153)';
            'E22'='(PIN154)';
            'E23'='(PIN155)';
            'E24'='(PIN156)';
            'E25'='(PIN157)';
            'E26'='(PIN158)';
            'E27'='(PIN159)';
            'E28'='(PIN160)';
            'E29'='(PIN161)';
            'E30'='(PIN162)';
            'E31'='(PIN163)';
            'E32'='(PIN164)';
            'E33'='(PIN165)';
        END_PIN;
    END_MODEL;
END_PRIMITIVE;
END.
