FILE_TYPE=VERILOG_MAP;
PRIMITIVE 'SNODISC2';
    DEFAULT_MODEL=SNODISC2;
    UPPER_CASE=TRUE;
    MODEL 'SNODISC2';
        PIN_MAP
            'PEDP'='(PEDA)';
            'PEDN'='(PEDB)';
            'VDMP'='(VDMP)';
            'GNDD'='(GNDD)';
            'QHIREF1'='(INTA1)';
            'OUTQHI1'='(INTMA1)';
            'GNDA1'='(GNDA1)';
            'GNDA2'='(GNDA2)';
            'GNDA3'='(GNDA3)';
            'GNDA4'='(GNDA4)';
            'QLOREF1'='(INTB1)';
            'OUTQLO1'='(INTMB1)';
            'VTH1'='(VTH1)';
            'INA1'='(INA1)';
            'INB1'='(INB1)';
            'SUBA'='(SUBA)';
            'INB2'='(INB2)';
            'INA2'='(INA2)';
            'VTH2'='(VTH2)';
            'OUTQLO2'='(INTMB2)';
            'QLOREF2'='(INTB2)';
            'OUTQHI2'='(INTMA2)';
            'QHIREF2'='(INTA2)';
            'VCCA'='(VCCA)';
            'RESRF'='(RESRF)';
            'VRES'='(VRES)';
            'VEED'='(VEED)';
            'PEN2'='(PEN2)';
            'DISCRN2'='(RESB2)';
            'DISCRP2'='(RESA2)';
            'SAMPN2'='(SAMB2)';
            'SAMPP2'='(SAMA2)';
            'SUBD'='(SUBD)';
            'SAMPP3'='(SAMA3)';
            'SAMPN3'='(SAMB3)';
            'DISCRP3'='(RESA3)';
            'DISCRN3'='(RESB3)';
            'PEN3'='(PEN3)';
            'VCHD'='(VCHD)';
            'VSI'='(VSI)';
            'VLI'='(VLI)';
            'VEEA'='(VEEA)';
            'QHIREF3'='(INTA3)';
            'OUTQHI3'='(INTMA3)';
            'QLOREF3'='(INTB3)';
            'OUTQLO3'='(INTMB3)';
            'VTH3'='(VTH3)';
            'INA3'='(INA3)';
            'INB3'='(INB3)';
            'INB4'='(INB4)';
            'INA4'='(INA4)';
            'VTH4'='(VTH4)';
            'OUTQLO4'='(INTMB4)';
            'QLOREF4'='(INTB4)';
            'OUTQHI4'='(INTMA4)';
            'QHIREF4'='(INTA4)';
            'RMPC2'='(RMPC2)';
            'RMPC1'='(RMPC1)';
            'VCCD'='(VCCD)';
            'PEN4'='(PEN4)';
            'DISCRN4'='(RESB4)';
            'DISCRP4'='(RESA4)';
            'SAMPP4'='(SAMA4)';
            'SAMPN4'='(SAMB4)';
            'SAMPN1'='(SAMB1)';
            'SAMPP1'='(SAMA1)';
            'DISCRP1'='(RESA1)';
            'DISCRN1'='(RESB1)';
            'PEN1'='(PEN1)';
        END_PIN;
    END_MODEL;
END_PRIMITIVE;
END.
