FILE_TYPE=VERILOG_MAP;
PRIMITIVE 'SNODISC';
    DEFAULT_MODEL=SNODISC;
    UPPER_CASE=TRUE;
    MODEL 'SNODISC';
        PIN_MAP
            'PEN4'='(PEN4)';
            'PEN3'='(PEN3)';
            'PEN2'='(PEN2)';
            'PEN1'='(PEN1)';
            'RMPUP'='(RMPUP)';
            'ITWK'='(ITWK)';
            'RMP'='(RMP)';
            'VLI'='(VLI)';
            'VSI'='(VSI)';
            'INTMB4'='(INTMB4)';
            'INTB4'='(INTB4)';
            'INTMB3'='(INTMB3)';
            'INTB3'='(INTB3)';
            'INTMB2'='(INTMB2)';
            'INTB2'='(INTB2)';
            'INTMB1'='(INTMB)';
            'INTB1'='(INTB1)';
            'INTMA4'='(INTMA4)';
            'INTA4'='(INTA4)';
            'INTMA3'='(INTMA3)';
            'INTA3'='(INTA3)';
            'INTMA2'='(INTMA2)';
            'INTA2'='(INTA2)';
            'INTMA1'='(INTMA1)';
            'INTA1'='(INTA1)';
            'INB4'='(INB4)';
            'INA4'='(INA4)';
            'RAMP4'='(RAMP4)';
            'VTH4'='(VTH4)';
            'RESB4'='(RESB4)';
            'SAMA4'='(SAMA4)';
            'SAMB4'='(SAMB4)';
            'RESA4'='(RESA4)';
            'INB3'='(INB3)';
            'VTH3'='(VTH3)';
            'RAMP3'='(RAMP3)';
            'INA3'='(INA3)';
            'RESB3'='(RESB3)';
            'SAMB3'='(SAMB3)';
            'RESA3'='(RESA3)';
            'SAMA3'='(SAMA3)';
            'PEDA'='(PEDA)';
            'PEDB'='(PEDB)';
            'SAMB2'='(SAMB2)';
            'SAMA2'='(SAMA2)';
            'RESA2'='(RESA2)';
            'RESB2'='(RESB2)';
            'VTH2'='(VTH2)';
            'INA2'='(INA2)';
            'INB2'='(INB2)';
            'RAMP2'='(RAMP2)';
            'RAMP1'='(RAMP1)';
            'RESB1'='(RESB1)';
            'RESA1'='(RESA1)';
            'SAMB1'='(SAMB1)';
            'SAMA1'='(SAMA1)';
            'VTH1'='(VTH1)';
            'INB1'='(INB1)';
            'INA1'='(INA1)';
            'SUBA1'='(SUBA1)';
            'SUBA2'='(SUBA2)';
            'SUBD1'='(SUBD1)';
            'SUBD2'='(SUBD2)';
        END_PIN;
    END_MODEL;
END_PRIMITIVE;
END.
