TITLE:                 Bill of Materials
DATE:                  10/02/2014
DESIGN:                tubii
TEMPLATE:              C:\Cadence\SPB_16.6\share\cdssetup\template.bom
CALLOUT:               bom.callouts

Part Name         Ref Des                 Qty     Unit       Cost  
                                                  Price            
===============   ====================   ====   =======   =======  
100E101           U7,U29                    2         ?         ?  
100EL05           U103,U112,U114,          11         ?         ?  
                  U127-U130,U145-U148                              
100EL34/          U57,U104                  2         ?         ?  
10E016            U108,U152                 2         ?         ?  
10E101            U98,U133                  2         ?         ?  
10E116            U1,U6,U14,U17,U22,       42         ?         ?  
                  U26-U28,U31-U34,                                 
                  U37-U41,U44-U48,U52,                             
                  U78,U84,U100,U101,                               
                  U107,U110,U113,                                  
                  U123-U126,U141-U144,                             
                  U150,U153-U155                                   
10E131            U92,U94,U105,U131,        9         ?         ?  
                  U132,U149,U151,U165,                             
                  U167                                             
10H104            U106,U140                 2         ?         ?  
10H116            U3,U9,U11,U15,U25,        7         ?         ?  
                  U97,U102                                         
10H124            U2,U5,U43,U51,U65,       11         ?         ?  
                  U96,U116,U117,U160,                              
                  U163,U164                                        
10H125            U18,U19,U23,U42,U49,      8         ?         ?  
                  U60,U79,U122                                     
74F06             U53,U64,U72,U81,U91,      7         ?         ?  
                  U134,U161                                        
74F07             U4,U20,U21,U50,U61        5         ?         ?  
74F08             U56,U68,U76,U157          4         ?         ?  
74F269            U55,U59,U63,U67,U71,      9         ?         ?  
                  U75,U77,U83,U159                                 
74F273            U111                      1         ?         ?  
74F74             U69,U80,U156              3         ?         ?  
74FHCT597         U119,U136                 2         ?         ?  
74HCT123          U109,U138                 2         ?         ?  
AD7249            U120,U137                 2         ?         ?  
AD96687           U121                      1         ?         ?  
ADCMP566          U139                      1         ?         ?  
CSMD0805-0.01UF   C1,C2,C4,C5,C14-C18       9         ?         ?  
,10%,0805,25V                                                      
CSMD0805-0.1UF,   C3,C6-C13,C19-C22,       38         ?         ?  
5%,0805,50V       C25,C26,C35,C37,                                 
                  C39-C45,C47-C60                                  
CSMD0805-1.0UF,   C27,C28,C36               3         ?         ?  
10%,0805,25V                                                       
CSMD0805-10NF,    C38                       1         ?         ?  
10%,0805,25V                                                       
CSMD0805-60PF,    C46                       1         ?         ?  
10%,0805,25V                                                       
DS102350          U88                       1         ?         ?  
DS1023500         U90                       1         ?         ?  
EL91L             U99                       1         ?         ?  
FOXCLOCK          U95                       1         ?         ?  
HC574F            U54,U58,U62,U66,U70,     15         ?         ?  
                  U73,U74,U82,U87,U89,                             
                  U115,U118,U135,U158,                             
                  U162                                             
IDS_C10           U12,U13,U85,U86,U93,      6         ?         ?  
                  U166                                             
INDUCTOR_L        L1,L2                     2         ?         ?  
LED_1206-BLUE,    LED4-LED6                 3         ?         ?  
BLUE,1206,16V                                                      
LED_1206-GREEN,   LED1                      1         ?         ?  
GREEN,1206,16V                                                     
LED_1206-ORANGE   LED2                      1         ?         ?  
,ORANGE,1206,                                                      
16V                                                                
LED_1206-YELLOW   LED3                      1         ?         ?  
,YELLOW,1206,                                                      
16V                                                                
LM1117            Q3                        1         ?         ?  
LM337T_L          Q2                        1         ?         ?  
LVDS_DRIVER_DS1   U10,U16,U35,U36           4         ?         ?  
0                                                                  
MMBTH10           U8,U24                    2         ?         ?  
MMBTH81           U30                       1         ?         ?  
MMBTH81LT1        Q1                        1         ?         ?  
MUR105            D1                        1         ?         ?  
RSMD0603-50,1%,   R27-R44                  18         ?         ?  
0603                                                               
RSMD0805-100,     R142,R279,R284,R286,      7         ?         ?  
1%,0805           R289,R304,R337                                   
RSMD0805-1000,    R50,R68,R69,R110,        10         ?         ?  
1%,0805           R118,R119,R143,R144,                             
                  R312,R345                                        
RSMD0805-10K,     R277,R305,R338            3         ?         ?  
1%,0805                                                            
RSMD0805-120,     R166                      1         ?         ?  
1%,0805                                                            
RSMD0805-125,     R248,R251                 2         ?         ?  
1%,0805                                                            
RSMD0805-130,     R45,R46,R72,R73,          6         ?         ?  
1%,0805           R138,R139                                        
RSMD0805-499,     R53,R54,R64,R65,          6         ?         ?  
1%,0805           R132,R133                                        
RSMD0805-50,1%,   R1-R26,R48,R51,R52,     354         ?         ?  
0805              R55-R63,R66,R67,                                 
                  R74-R109,R111-R117,                              
                  R120-R131,R134,R135,                             
                  R140,R141,R145-R164,                             
                  R167-R247,R250,                                  
                  R253-R276,R278,                                  
                  R280-R283,R285,R287,                             
                  R288,R290-R303,                                  
                  R306-R311,R313-R336,                             
                  R339-R344,R346-R416                              
RSMD0805-71.5,    R165                      1         ?         ?  
1%,0805                                                            
RSMD0805-80.6,    R47,R49,R70,R71,          6         ?         ?  
1%,0805           R136,R137                                        
RSMD0805-84,      R249,R252                 2         ?         ?  
0.1%,0805                                                          
TANT0805-10UF,    C23,C24,C31,C32           4         ?         ?  
5%,0805,25V                                                        
TANT0805-1UF,     C29,C30,C33,C34           4         ?         ?  
5%,0805,25V                                                        
TESTPOINT_L       TP1-TP181               181         ?         ?  
TOTAL                                     836               0.000  
===============   ====================   ====   =======   =======  
