FILE_TYPE=VERILOG_MAP;
  PRIMITIVE 'xmemfifot';
    MODEL 'xmemfifot';
      PIN_MAP
        'XTESTMEM2' = '(XTESTMEM2)';
        'XTESTMEM1' = '(XTESTMEM1)';
        'XSIMM_EN-<7>' = '(XSIMM_EN_[7])';
        'XSIMM_EN-<6>' = '(XSIMM_EN_[6])';
        'XSIMM_EN-<5>' = '(XSIMM_EN_[5])';
        'XSIMM_EN-<4>' = '(XSIMM_EN_[4])';
        'XSIMM_EN-<3>' = '(XSIMM_EN_[3])';
        'XSIMM_EN-<2>' = '(XSIMM_EN_[2])';
        'XSIMM_EN-<1>' = '(XSIMM_EN_[1])';
        'XSIMM_EN-<0>' = '(XSIMM_EN_[0])';
        '-XSEL2' = '(XSEL2_n)';
        '-XSEL1' = '(XSEL1_n)';
        '-XREQ2' = '(XREQ2_n)';
        '-XREQ1' = '(XREQ1_n)';
        '-XMODSEL' = '(XMODSEL_n)';
        '-XMEMSPACE' = '(XMEMSPACE_n)';
        '-XMEMREQ2' = '(XMEMREQ2_n)';
        '-XMEMACK2' = '(XMEMACK2_n)';
        '-XMEMACK1' = '(XMEMACK1_n)';
        '-XMEM_WRITE_ENABLE' = '(XMEM_WRITE_ENABLE_n)';
        'XMDTACK' = '(XMDTACK)';
        '-XFIFO_RESET' = '(XFIFO_RESET_n)';
        'XBWR_ADD<21>' = '(XBWR_ADD[21])';
        'XBWR_ADD<20>' = '(XBWR_ADD[20])';
        'XBWR_ADD<19>' = '(XBWR_ADD[19])';
        'XBWR_ADD<18>' = '(XBWR_ADD[18])';
        'XBWR_ADD<17>' = '(XBWR_ADD[17])';
        'XBWR_ADD<16>' = '(XBWR_ADD[16])';
        'XBWR_ADD<15>' = '(XBWR_ADD[15])';
        'XBWR_ADD<14>' = '(XBWR_ADD[14])';
        'XBWR_ADD<13>' = '(XBWR_ADD[13])';
        'XBWR_ADD<12>' = '(XBWR_ADD[12])';
        'XBWR_ADD<11>' = '(XBWR_ADD[11])';
        'XBWR_ADD<10>' = '(XBWR_ADD[10])';
        'XBWR_ADD<9>' = '(XBWR_ADD[9])';
        'XBWR_ADD<8>' = '(XBWR_ADD[8])';
        'XBWR_ADD<7>' = '(XBWR_ADD[7])';
        'XBWR_ADD<6>' = '(XBWR_ADD[6])';
        'XBWR_ADD<5>' = '(XBWR_ADD[5])';
        'XBWR_ADD<4>' = '(XBWR_ADD[4])';
        'XBWR_ADD<3>' = '(XBWR_ADD[3])';
        'XBWR_ADD<2>' = '(XBWR_ADD[2])';
        '-XBRW' = '(XBRW_n)';
        'XBBA<24>' = '(XBBA[24])';
        'XBBA<23>' = '(XBBA[23])';
        'XBBA<22>' = '(XBBA[22])';
        'XBBA<21>' = '(XBBA[21])';
        'XBBA<20>' = '(XBBA[20])';
        'XBBA<19>' = '(XBBA[19])';
        'XBBA<18>' = '(XBBA[18])';
        'XBBA<17>' = '(XBBA[17])';
        'XBBA<16>' = '(XBBA[16])';
        'XBBA<15>' = '(XBBA[15])';
        'XBBA<14>' = '(XBBA[14])';
        'XBBA<13>' = '(XBBA[13])';
        'XBBA<12>' = '(XBBA[12])';
        'XBBA<11>' = '(XBBA[11])';
        'XBBA<10>' = '(XBBA[10])';
        'XBBA<9>' = '(XBBA[9])';
        'XBBA<8>' = '(XBBA[8])';
        'XBBA<7>' = '(XBBA[7])';
        'XBBA<6>' = '(XBBA[6])';
        'XBBA<5>' = '(XBBA[5])';
        'XBBA<4>' = '(XBBA[4])';
        'XBBA<3>' = '(XBBA[3])';
        'XBBA<2>' = '(XBBA[2])';
        'SPARES<9>' = '(SPARES[9])';
        'SPARES<8>' = '(SPARES[8])';
        'SPARES<7>' = '(SPARES[7])';
        'SPARES<6>' = '(SPARES[6])';
        'SPARES<5>' = '(SPARES[5])';
        'SPARES<4>' = '(SPARES[4])';
        'SPARES<3>' = '(SPARES[3])';
        'SPARES<2>' = '(SPARES[2])';
        'SPARES<1>' = '(SPARES[1])';
        'SPARES<0>' = '(SPARES[0])';
        'SDOUT' = '(SDOUT)';
        'SDIN' = '(SDIN)';
        'M2' = '(M2)';
        '-RESET' = '(RESET_n)';
        '-RDATA' = '(RDATA_n)';
        'RTRIG' = '(RTRIG)';
        '-PROGRAM' = '(PROGRAM_n)';
        'CCLK' = '(CCLK)';
        '-PWRDWN' = '(PWRDWN_n)';
      END_PIN;
    END_MODEL;
  END_PRIMITIVE;
END.
