FILE_TYPE=VERILOG_MAP;
  PRIMITIVE 'xvmetrig3t';
    MODEL 'xvmetrig3t';
      PIN_MAP
        'XVME_DIR' = '(XVME_DIR)';
        'XREGWR_LA<31>' = '(XREGWR_LA[31])';
        'XREGWR_LA<30>' = '(XREGWR_LA[30])';
        'XREGWR_LA<29>' = '(XREGWR_LA[29])';
        'XREGWR_LA<28>' = '(XREGWR_LA[28])';
        'XREGWR_LA<27>' = '(XREGWR_LA[27])';
        'XREGWR_LA<26>' = '(XREGWR_LA[26])';
        'XREGWR_LA<25>' = '(XREGWR_LA[25])';
        'XREGWR_LA<24>' = '(XREGWR_LA[24])';
        'XREGWR_LA<23>' = '(XREGWR_LA[23])';
        'XREGWR_LA<22>' = '(XREGWR_LA[22])';
        'XREGWR_LA<21>' = '(XREGWR_LA[21])';
        'XREGWR_LA<20>' = '(XREGWR_LA[20])';
        'XREGWR_LA<19>' = '(XREGWR_LA[19])';
        'XREGWR_LA<18>' = '(XREGWR_LA[18])';
        'XREGWR_LA<17>' = '(XREGWR_LA[17])';
        'XREGWR_LA<16>' = '(XREGWR_LA[16])';
        'XREGWR_LA<15>' = '(XREGWR_LA[15])';
        'XREGWR_LA<14>' = '(XREGWR_LA[14])';
        'XREGWR_LA<13>' = '(XREGWR_LA[13])';
        'XREGWR_LA<12>' = '(XREGWR_LA[12])';
        'XREGWR_LA<11>' = '(XREGWR_LA[11])';
        'XREGWR_LA<10>' = '(XREGWR_LA[10])';
        'XREGWR_LA<9>' = '(XREGWR_LA[9])';
        'XREGWR_LA<8>' = '(XREGWR_LA[8])';
        'XREGWR_LA<7>' = '(XREGWR_LA[7])';
        'XREGWR_LA<6>' = '(XREGWR_LA[6])';
        'XREGWR_LA<5>' = '(XREGWR_LA[5])';
        'XREGWR_LA<4>' = '(XREGWR_LA[4])';
        'XREGWR_LA<3>' = '(XREGWR_LA[3])';
        'XREGWR_LA<2>' = '(XREGWR_LA[2])';
        'XREGWR_LA<1>' = '(XREGWR_LA[1])';
        'XREGWR_LA<0>' = '(XREGWR_LA[0])';
        'XREGRD_LA<31>' = '(XREGRD_LA[31])';
        'XREGRD_LA<30>' = '(XREGRD_LA[30])';
        'XREGRD_LA<29>' = '(XREGRD_LA[29])';
        'XREGRD_LA<28>' = '(XREGRD_LA[28])';
        'XREGRD_LA<27>' = '(XREGRD_LA[27])';
        'XREGRD_LA<26>' = '(XREGRD_LA[26])';
        'XREGRD_LA<25>' = '(XREGRD_LA[25])';
        'XREGRD_LA<24>' = '(XREGRD_LA[24])';
        'XREGRD_LA<23>' = '(XREGRD_LA[23])';
        'XREGRD_LA<22>' = '(XREGRD_LA[22])';
        'XREGRD_LA<21>' = '(XREGRD_LA[21])';
        'XREGRD_LA<20>' = '(XREGRD_LA[20])';
        'XREGRD_LA<19>' = '(XREGRD_LA[19])';
        'XREGRD_LA<18>' = '(XREGRD_LA[18])';
        'XREGRD_LA<17>' = '(XREGRD_LA[17])';
        'XREGRD_LA<16>' = '(XREGRD_LA[16])';
        'XREGRD_LA<15>' = '(XREGRD_LA[15])';
        'XREGRD_LA<14>' = '(XREGRD_LA[14])';
        'XREGRD_LA<13>' = '(XREGRD_LA[13])';
        'XREGRD_LA<12>' = '(XREGRD_LA[12])';
        'XREGRD_LA<11>' = '(XREGRD_LA[11])';
        'XREGRD_LA<10>' = '(XREGRD_LA[10])';
        'XREGRD_LA<9>' = '(XREGRD_LA[9])';
        'XREGRD_LA<8>' = '(XREGRD_LA[8])';
        'XREGRD_LA<7>' = '(XREGRD_LA[7])';
        'XREGRD_LA<6>' = '(XREGRD_LA[6])';
        'XREGRD_LA<5>' = '(XREGRD_LA[5])';
        'XREGRD_LA<4>' = '(XREGRD_LA[4])';
        'XREGRD_LA<3>' = '(XREGRD_LA[3])';
        'XREGRD_LA<2>' = '(XREGRD_LA[2])';
        'XREGRD_LA<1>' = '(XREGRD_LA[1])';
        'XREGRD_LA<0>' = '(XREGRD_LA[0])';
        '-XMODSEL' = '(XMODSEL_n)';
        '-XMEMSPACE' = '(XMEMSPACE_n)';
        '-XMEMACK1' = '(XMEMACK1_n)';
        '-XLWORD' = '(XLWORD_n)';
        '-XDTACK' = '(XDTACK_n)';
        '-XDT_EN' = '(XDT_EN_n)';
        '-XBRW' = '(XBRW_n)';
        '-XBDS1' = '(XBDS1_n)';
        '-XBDS0' = '(XBDS0_n)';
        'XBAM<5>' = '(XBAM[5])';
        'XBAM<4>' = '(XBAM[4])';
        'XBAM<3>' = '(XBAM[3])';
        'XBAM<2>' = '(XBAM[2])';
        'XBAM<1>' = '(XBAM[1])';
        'XBAM<0>' = '(XBAM[0])';
        'XBA<31>' = '(XBA[31])';
        'XBA<30>' = '(XBA[30])';
        'XBA<29>' = '(XBA[29])';
        'XBA<28>' = '(XBA[28])';
        'XBA<27>' = '(XBA[27])';
        'XBA<26>' = '(XBA[26])';
        'XBA<25>' = '(XBA[25])';
        'XBA<24>' = '(XBA[24])';
        'XBA<23>' = '(XBA[23])';
        'XBA<22>' = '(XBA[22])';
        'XBA<21>' = '(XBA[21])';
        'XBA<20>' = '(XBA[20])';
        'XBA<19>' = '(XBA[19])';
        'XBA<18>' = '(XBA[18])';
        'XBA<17>' = '(XBA[17])';
        'XBA<16>' = '(XBA[16])';
        'XBA<15>' = '(XBA[15])';
        'XBA<14>' = '(XBA[14])';
        'XBA<13>' = '(XBA[13])';
        'XBA<12>' = '(XBA[12])';
        'XBA<11>' = '(XBA[11])';
        'XBA<10>' = '(XBA[10])';
        'XBA<9>' = '(XBA[9])';
        'XBA<8>' = '(XBA[8])';
        'XBA<7>' = '(XBA[7])';
        'XBA<6>' = '(XBA[6])';
        'XBA<5>' = '(XBA[5])';
        'XBA<4>' = '(XBA[4])';
        'XBA<3>' = '(XBA[3])';
        'XBA<2>' = '(XBA[2])';
        'XBA<1>' = '(XBA[1])';
        'XBA<0>' = '(XBA[0])';
        'SPARES<3>' = '(SPARES[3])';
        'SPARES<2>' = '(SPARES[2])';
        'SPARES<1>' = '(SPARES[1])';
        'SPARES<0>' = '(SPARES[0])';
        'SDOUT' = '(SDOUT)';
        'SDIN' = '(SDIN)';
        'M2' = '(M2)';
        'DUMMY_OUT' = '(DUMMY_OUT)';
        '-RDATA' = '(RDATA_n)';
        'RTRIG' = '(RTRIG)';
        '-RESET' = '(RESET_n)';
        '-PROGRAM' = '(PROGRAM_n)';
        'CCLK' = '(CCLK)';
        '-PWRDWN' = '(PWRDWN_n)';
      END_PIN;
    END_MODEL;
  END_PRIMITIVE;
END.
